{
    "hp":            80,
    "damage":         6,
    "xAcceleration":  3,
    "yAcceleration":  3
}